[36mvite v5.4.19 [32mbuilding for production...[36m[39m
transforming...
node.exe : 
Browserslist: browsers 
data (caniuse-lite) is 
17 months old. Please 
run:
At C:\Program Files\nod
ejs\npx.ps1:29 char:3
+   & $NODE_EXE 
$NPX_CLI_JS $args
+   ~~~~~~~~~~~~~~~~~~~
~~~~~~~~~~
    + CategoryInfo     
         : NotSpecifi  
  ed: (Browserslist:   
  b...ld. Please ru    
n::String) [], Rem    
oteException
    + FullyQualifiedEr 
   rorId : NativeComm  
  andError
 
  npx update-browsersli
st-db@latest
  Why you should do it 
regularly: https://gith
ub.com/browserslist/upd
ate-db#readme
[32mÔ£ô[39m 95 modules transformed.
[31mx[39m Build 
failed in 5.86s
[31merror during 
build:
[31m[vite:load-fallbac
k] Could not load C:\Us
ers\LENOVO\Desktop\ilya
s project\client\src/li
b/SkillForge-questions 
(imported by client/src
/pages/products/skillfo
rge.tsx): ENOENT: no 
such file or 
directory, open 'C:\Use
rs\LENOVO\Desktop\ilyas
 project\client\src\lib
\SkillForge-questions'
[31m
    at async open (node
:internal/fs/promises:6
38:25)
    at async 
Object.readFile (node:i
nternal/fs/promises:124
2:14)
    at async 
Object.load (file:///C:
/Users/LENOVO/Desktop/i
lyas%20project/node_mod
ules/vite/dist/node/chu
nks/dep-C6uTJdX2.js:653
41:25)
    at async PluginDriv
er.hookFirstAndGetPlugi
n (file:///C:/Users/LEN
OVO/Desktop/ilyas%20pro
ject/node_modules/rollu
p/dist/es/shared/node-e
ntry.js:20689:28)
    at async file:///C:
/Users/LENOVO/Desktop/i
lyas%20project/node_mod
ules/rollup/dist/es/sha
red/node-entry.js:19809
:33
    at async 
Queue.work (file:///C:/
Users/LENOVO/Desktop/il
yas%20project/node_modu
les/rollup/dist/es/shar
ed/node-entry.js:20899:
32)[39m
